// Jest Snapshot v1, https://goo.gl/fbAQLP

exports[`CompareParts hasn't changed unexpectedly 1`] = `null`;
